Traceback (most recent call last):
  File "pandas/_libs/index.pyx", line 660, in pandas._libs.index.DatetimeEngine.get_loc
  File "pandas/_libs/hashtable_class_helper.pxi", line 2761, in pandas._libs.hashtable.Int64HashTable.get_item
  File "pandas/_libs/hashtable_class_helper.pxi", line 2785, in pandas._libs.hashtable.Int64HashTable.get_item
KeyError: 1790812800000000

During handling of the above exception, another exception occurred:

Traceback (most recent call last):
  File "/opt/hostedtoolcache/Python/3.11.16/x64/lib/python3.11/site-packages/pandas/core/indexes/base.py", line 3641, in get_loc
    return self._engine.get_loc(casted_key)
           ^^^^^^^^^^^^^^^^^^^^^^^^^^^^^^^^
  File "pandas/_libs/index.pyx", line 628, in pandas._libs.index.DatetimeEngine.get_loc
  File "pandas/_libs/index.pyx", line 662, in pandas._libs.index.DatetimeEngine.get_loc
KeyError: Timestamp('2026-10-01 00:00:00')

The above exception was the direct cause of the following exception:

Traceback (most recent call last):
  File "/opt/hostedtoolcache/Python/3.11.16/x64/lib/python3.11/site-packages/pandas/core/indexes/datetimes.py", line 996, in get_loc
    return Index.get_loc(self, key)
           ^^^^^^^^^^^^^^^^^^^^^^^^
  File "/opt/hostedtoolcache/Python/3.11.16/x64/lib/python3.11/site-packages/pandas/core/indexes/base.py", line 3648, in get_loc
    raise KeyError(key) from err
KeyError: Timestamp('2026-10-01 00:00:00')

The above exception was the direct cause of the following exception:

Traceback (most recent call last):
  File "/home/runner/work/market-storm-watch/market-storm-watch/watch_model.py", line 103, in <module>
    raw = load_shiller()
          ^^^^^^^^^^^^^^
  File "/home/runner/work/market-storm-watch/market-storm-watch/features.py", line 48, in load_shiller
    c = c * (df.loc[last, "cpi"] / c.loc[last])
                                   ~~~~~^^^^^^
  File "/opt/hostedtoolcache/Python/3.11.16/x64/lib/python3.11/site-packages/pandas/core/indexing.py", line 1207, in __getitem__
    return self._getitem_axis(maybe_callable, axis=axis)
           ^^^^^^^^^^^^^^^^^^^^^^^^^^^^^^^^^^^^^^^^^^^^^
  File "/opt/hostedtoolcache/Python/3.11.16/x64/lib/python3.11/site-packages/pandas/core/indexing.py", line 1449, in _getitem_axis
    return self._get_label(key, axis=axis)
           ^^^^^^^^^^^^^^^^^^^^^^^^^^^^^^^
  File "/opt/hostedtoolcache/Python/3.11.16/x64/lib/python3.11/site-packages/pandas/core/indexing.py", line 1399, in _get_label
    return self.obj.xs(label, axis=axis)
           ^^^^^^^^^^^^^^^^^^^^^^^^^^^^^
  File "/opt/hostedtoolcache/Python/3.11.16/x64/lib/python3.11/site-packages/pandas/core/generic.py", line 4241, in xs
    loc = index.get_loc(key)
          ^^^^^^^^^^^^^^^^^^
  File "/opt/hostedtoolcache/Python/3.11.16/x64/lib/python3.11/site-packages/pandas/core/indexes/datetimes.py", line 998, in get_loc
    raise KeyError(orig_key) from err
KeyError: Timestamp('2026-10-01 00:00:00')
Traceback (most recent call last):
  File "/home/runner/work/market-storm-watch/market-storm-watch/daily_run.py", line 207, in <module>
    main()
  File "/home/runner/work/market-storm-watch/market-storm-watch/daily_run.py", line 111, in main
    subprocess.run([sys.executable, "watch_model.py"], check=True, cwd=ROOT)
  File "/opt/hostedtoolcache/Python/3.11.16/x64/lib/python3.11/subprocess.py", line 571, in run
    raise CalledProcessError(retcode, process.args,
subprocess.CalledProcessError: Command '['/opt/hostedtoolcache/Python/3.11.16/x64/bin/python', 'watch_model.py']' returned non-zero exit status 1.
